<html>
<body>
<pre>
<h1>µVision Build Log</h1>
<h2>Tool Versions:</h2>
IDE-Version: µVision V5.17.0.0
Copyright (C) 2015 ARM Ltd and ARM Germany GmbH. All rights reserved.
License Information: Ta Long Phi, NTU, LIC=X96CK-ZU3P9-BSBYX-H5UX7-C9LMQ-6AG0S
 
Tool Versions:
Toolchain:       MDK-ARM Standard  Version: 5.17
Toolchain Path:  D:\USER\Kelc\ARM\ARMCC\Bin
C Compiler:      Armcc.exe V5.06 update 1 (build 61)
Assembler:       Armasm.exe V5.06 update 1 (build 61)
Linker/Locator:  ArmLink.exe V5.06 update 1 (build 61)
Library Manager: ArmAr.exe V5.06 update 1 (build 61)
Hex Converter:   FromElf.exe V5.06 update 1 (build 61)
CPU DLL:         SARMCM3.DLL V5.17
Dialog DLL:      DCM.DLL V1.13.4.0
Target DLL:      STLink\ST-LINKIII-KEIL_SWO.dll V2.0.18.0
Dialog DLL:      TCM.DLL V1.14.6.0
 
<h2>Project:</h2>
D:\BT_ThucHanh_LTN\BT_ThucHnah_STM32-LCD\STM32LCD\MDK-ARM\STM32LCD.uvprojx
Project File Date:  11/19/2021

<h2>Output:</h2>
*** Using Compiler 'V5.06 update 1 (build 61)', folder: 'D:\USER\Kelc\ARM\ARMCC\Bin'
Build target 'STM32LCD'
compiling main.c...
../Core/Src/main.c(24): warning:  #188-D: enumerated type mixed with another type
  	 HAL_GPIO_WritePin(
PIOD,
PIO_PIN_0,b0);
../Core/Src/main.c(25): warning:  #188-D: enumerated type mixed with another type
  	 HAL_GPIO_WritePin(
PIOD,
PIO_PIN_1,b1);
../Core/Src/main.c(26): warning:  #188-D: enumerated type mixed with another type
  	 HAL_GPIO_WritePin(
PIOD,
PIO_PIN_2,b2);
../Core/Src/main.c(27): warning:  #188-D: enumerated type mixed with another type
  	 HAL_GPIO_WritePin(
PIOD,
PIO_PIN_3,b3);
../Core/Src/main.c(28): warning:  #188-D: enumerated type mixed with another type
  	 HAL_GPIO_WritePin(
PIOD,
PIO_PIN_4,b4);
../Core/Src/main.c(29): warning:  #188-D: enumerated type mixed with another type
  	 HAL_GPIO_WritePin(
PIOD,
PIO_PIN_5,b5);
../Core/Src/main.c(30): warning:  #188-D: enumerated type mixed with another type
  	 HAL_GPIO_WritePin(
PIOD,
PIO_PIN_6,b6);
../Core/Src/main.c(31): warning:  #188-D: enumerated type mixed with another type
  	 HAL_GPIO_WritePin(
PIOD,
PIO_PIN_7,b7);
../Core/Src/main.c: 8 warnings, 0 errors
linking...
Program Size: Code=3090 RO-data=454 RW-data=16 ZI-data=1024  
FromELF: creating hex file...
"STM32LCD\STM32LCD.axf" - 0 Error(s), 8 Warning(s).

<h2>Software Packages used:</h2>

Package Vendor: ARM
                http://www.keil.com/pack/ARM.CMSIS.4.5.0.pack
                ARM::CMSIS:CORE:4.3.0
                CMSIS (Cortex Microcontroller Software Interface Standard)
   * Component: CORE Version: 4.3.0

<h2>Collection of Component include folders:</h2>
  D:\BT_ThucHanh_LTN\BT_ThucHnah_STM32-LCD\STM32LCD\MDK-ARM\RTE
  D:\USER\Kelc\ARM\PACK\ARM\CMSIS\4.5.0\CMSIS\Include
  D:\USER\Kelc\ARM\PACK\Keil\STM32F4xx_DFP\2.14.0\Drivers\CMSIS\Device\ST\STM32F4xx\Include

<h2>Collection of Component Files used:</h2>

   * Component: ARM::CMSIS:CORE:4.3.0
Build Time Elapsed:  00:00:03
</pre>
</body>
</html>
