<html>
<body>
<pre>
<h1>µVision Build Log</h1>
<h2>Tool Versions:</h2>
IDE-Version: µVision V5.17.0.0
Copyright (C) 2015 ARM Ltd and ARM Germany GmbH. All rights reserved.
License Information: Ta Long Phi, NTU, LIC=X96CK-ZU3P9-BSBYX-H5UX7-C9LMQ-6AG0S
 
Tool Versions:
Toolchain:       MDK-ARM Standard  Version: 5.17
Toolchain Path:  D:\USER\Kelc\ARM\ARMCC\Bin
C Compiler:      Armcc.exe V5.06 update 1 (build 61)
Assembler:       Armasm.exe V5.06 update 1 (build 61)
Linker/Locator:  ArmLink.exe V5.06 update 1 (build 61)
Library Manager: ArmAr.exe V5.06 update 1 (build 61)
Hex Converter:   FromElf.exe V5.06 update 1 (build 61)
CPU DLL:         SARMCM3.DLL V5.17
Dialog DLL:      DCM.DLL V1.13.4.0
Target DLL:      STLink\ST-LINKIII-KEIL_SWO.dll V2.0.18.0
Dialog DLL:      TCM.DLL V1.14.6.0
 
<h2>Project:</h2>
D:\BT_ThucHanh_LTN\BT_ThucHanh_Led-traitim\ledtraitim\MDK-ARM\ledtraitim.uvprojx
Project File Date:  11/04/2021

<h2>Output:</h2>
*** Using Compiler 'V5.06 update 1 (build 61)', folder: 'D:\USER\Kelc\ARM\ARMCC\Bin'
Build target 'ledtraitim'
assembling startup_stm32f401xe.s...
compiling stm32f4xx_it.c...
compiling main.c...
../Core/Src/main.c(4): warning:  #1295-D: Deprecated declaration SangHetLed - give arg types
  void SangHetLed();
../Core/Src/main.c(5): warning:  #1295-D: Deprecated declaration TatHetLed - give arg types
  void TatHetLed();
../Core/Src/main.c(6): warning:  #1295-D: Deprecated declaration SangLanLuot - give arg types
  void SangLanLuot();
../Core/Src/main.c: 3 warnings, 0 errors
compiling stm32f4xx_hal_msp.c...
compiling stm32f4xx_hal_tim.c...
compiling stm32f4xx_hal_tim_ex.c...
compiling stm32f4xx_hal_rcc.c...
compiling stm32f4xx_hal_flash.c...
compiling stm32f4xx_hal_rcc_ex.c...
compiling stm32f4xx_hal_flash_ex.c...
compiling stm32f4xx_hal_flash_ramfunc.c...
compiling stm32f4xx_hal_gpio.c...
compiling stm32f4xx_hal_dma_ex.c...
compiling stm32f4xx_hal_dma.c...
compiling stm32f4xx_hal_pwr.c...
compiling stm32f4xx_hal_pwr_ex.c...
compiling stm32f4xx_hal_cortex.c...
compiling stm32f4xx_hal.c...
compiling stm32f4xx_hal_exti.c...
compiling system_stm32f4xx.c...
linking...
Program Size: Code=3678 RO-data=454 RW-data=16 ZI-data=1024  
FromELF: creating hex file...
".\ledtraitim.axf" - 0 Error(s), 3 Warning(s).

<h2>Software Packages used:</h2>

Package Vendor: ARM
                http://www.keil.com/pack/ARM.CMSIS.4.5.0.pack
                ARM::CMSIS:CORE:4.3.0
                CMSIS (Cortex Microcontroller Software Interface Standard)
   * Component: CORE Version: 4.3.0

<h2>Collection of Component include folders:</h2>
  D:\BT_ThucHanh_LTN\BT_ThucHanh_Led-traitim\ledtraitim\MDK-ARM\RTE
  D:\USER\Kelc\ARM\PACK\ARM\CMSIS\4.5.0\CMSIS\Include
  D:\USER\Kelc\ARM\PACK\Keil\STM32F4xx_DFP\2.14.0\Drivers\CMSIS\Device\ST\STM32F4xx\Include

<h2>Collection of Component Files used:</h2>

   * Component: ARM::CMSIS:CORE:4.3.0
Build Time Elapsed:  00:00:38
</pre>
</body>
</html>
